// Jest Snapshot v1, https://goo.gl/fbAQLP

exports[`renders Footer correctly 1`] = `
<footer
  className="Footer"
>
  <div
    className="Footer_Content"
  >
    <div
      className="Link"
    >
      <a
        className="Link_ATag"
        href="/#"
      >
        Support
      </a>
      <a
        className="Link_ATag"
        href="/#"
      >
        Learning
      </a>
    </div>
    <div
      className="Copyright"
    >
      <p
        className="Copyright_Text"
      >
        Â© 2020 Your Name
      </p>
    </div>
  </div>
</footer>
`;
